Running for PDB ID: 1LP1
Error: /sci/labs/orzuk/meirab/sbatch_runs/perdicted_df_1LP1.csv does not exist!
Running for PDB ID: 2B88
Combined heatmap and scatter plots saved to /sci/labs/orzuk/meirab/heatmap_outputs_with_vmin_vmax/heatmap_combined_2B88.html
Successfully generated heatmap for 2B88
Running for PDB ID: 2HBB
Combined heatmap and scatter plots saved to /sci/labs/orzuk/meirab/heatmap_outputs_with_vmin_vmax/heatmap_combined_2HBB.html
Successfully generated heatmap for 2HBB
Running for PDB ID: 2D1U
Combined heatmap and scatter plots saved to /sci/labs/orzuk/meirab/heatmap_outputs_with_vmin_vmax/heatmap_combined_2D1U.html
Successfully generated heatmap for 2D1U
Running for PDB ID: 1UFM
Error: /sci/labs/orzuk/meirab/sbatch_runs/perdicted_df_1UFM.csv does not exist!
Running for PDB ID: 3DKM
Error: /sci/labs/orzuk/meirab/sbatch_runs/perdicted_df_3DKM.csv does not exist!
Running for PDB ID: 1O6X
Combined heatmap and scatter plots saved to /sci/labs/orzuk/meirab/heatmap_outputs_with_vmin_vmax/heatmap_combined_1O6X.html
Successfully generated heatmap for 1O6X
Running for PDB ID: 2AMI
Combined heatmap and scatter plots saved to /sci/labs/orzuk/meirab/heatmap_outputs_with_vmin_vmax/heatmap_combined_2AMI.html
Successfully generated heatmap for 2AMI
Running for PDB ID: 2M2J
Error: /sci/labs/orzuk/meirab/sbatch_runs/perdicted_df_2M2J.csv does not exist!
Running for PDB ID: 2MA4
Error: /sci/labs/orzuk/meirab/sbatch_runs/perdicted_df_2MA4.csv does not exist!
Running for PDB ID: 5KPH
Error: /sci/labs/orzuk/meirab/sbatch_runs/perdicted_df_5KPH.csv does not exist!
Running for PDB ID: 1WCL
Error: /sci/labs/orzuk/meirab/sbatch_runs/perdicted_df_1WCL.csv does not exist!
Running for PDB ID: 2MC5
Combined heatmap and scatter plots saved to /sci/labs/orzuk/meirab/heatmap_outputs_with_vmin_vmax/heatmap_combined_2MC5.html
Successfully generated heatmap for 2MC5
Running for PDB ID: 2KFV
Error: /sci/labs/orzuk/meirab/sbatch_runs/perdicted_df_2KFV.csv does not exist!
Running for PDB ID: 3ZGK
Error: /sci/labs/orzuk/meirab/sbatch_runs/perdicted_df_3ZGK.csv does not exist!
Running for PDB ID: 3L1X
Error: /sci/labs/orzuk/meirab/sbatch_runs/perdicted_df_3L1X.csv does not exist!
Running for PDB ID: 7BPM
Error: /sci/labs/orzuk/meirab/sbatch_runs/perdicted_df_7BPM.csv does not exist!
Running for PDB ID: 1ZHC
Error: /sci/labs/orzuk/meirab/sbatch_runs/perdicted_df_1ZHC.csv does not exist!
Running for PDB ID: 2RU9
Error: /sci/labs/orzuk/meirab/sbatch_runs/perdicted_df_2RU9.csv does not exist!
Running for PDB ID: 1PSE
Combined heatmap and scatter plots saved to /sci/labs/orzuk/meirab/heatmap_outputs_with_vmin_vmax/heatmap_combined_1PSE.html
Successfully generated heatmap for 1PSE
Running for PDB ID: 1QKH
Error: /sci/labs/orzuk/meirab/sbatch_runs/perdicted_df_1QKH.csv does not exist!
Running for PDB ID: 2KCM
Combined heatmap and scatter plots saved to /sci/labs/orzuk/meirab/heatmap_outputs_with_vmin_vmax/heatmap_combined_2KCM.html
Successfully generated heatmap for 2KCM
Running for PDB ID: 2M8U
Combined heatmap and scatter plots saved to /sci/labs/orzuk/meirab/heatmap_outputs_with_vmin_vmax/heatmap_combined_2M8U.html
Successfully generated heatmap for 2M8U
Running for PDB ID: 2RRT
Combined heatmap and scatter plots saved to /sci/labs/orzuk/meirab/heatmap_outputs_with_vmin_vmax/heatmap_combined_2RRT.html
Successfully generated heatmap for 2RRT
Running for PDB ID: 2O2W
Error: /sci/labs/orzuk/meirab/sbatch_runs/perdicted_df_2O2W.csv does not exist!
Running for PDB ID: 2JT1
Combined heatmap and scatter plots saved to /sci/labs/orzuk/meirab/heatmap_outputs_with_vmin_vmax/heatmap_combined_2JT1.html
Successfully generated heatmap for 2JT1
Running for PDB ID: 2K5N
Combined heatmap and scatter plots saved to /sci/labs/orzuk/meirab/heatmap_outputs_with_vmin_vmax/heatmap_combined_2K5N.html
Successfully generated heatmap for 2K5N
Running for PDB ID: 2JN4
Combined heatmap and scatter plots saved to /sci/labs/orzuk/meirab/heatmap_outputs_with_vmin_vmax/heatmap_combined_2JN4.html
Successfully generated heatmap for 2JN4
Running for PDB ID: 2M0Y
Combined heatmap and scatter plots saved to /sci/labs/orzuk/meirab/heatmap_outputs_with_vmin_vmax/heatmap_combined_2M0Y.html
Successfully generated heatmap for 2M0Y
Running for PDB ID: 6ACV
Combined heatmap and scatter plots saved to /sci/labs/orzuk/meirab/heatmap_outputs_with_vmin_vmax/heatmap_combined_6ACV.html
Successfully generated heatmap for 6ACV
Running for PDB ID: 1F0M
Error: /sci/labs/orzuk/meirab/sbatch_runs/perdicted_df_1F0M.csv does not exist!
Running for PDB ID: 2LO1
Combined heatmap and scatter plots saved to /sci/labs/orzuk/meirab/heatmap_outputs_with_vmin_vmax/heatmap_combined_2LO1.html
Successfully generated heatmap for 2LO1
Running for PDB ID: 2LGW
Error: /sci/labs/orzuk/meirab/sbatch_runs/perdicted_df_2LGW.csv does not exist!
Running for PDB ID: 1V1C
Combined heatmap and scatter plots saved to /sci/labs/orzuk/meirab/heatmap_outputs_with_vmin_vmax/heatmap_combined_1V1C.html
Successfully generated heatmap for 1V1C
Running for PDB ID: 1YU5
Error: /sci/labs/orzuk/meirab/sbatch_runs/perdicted_df_1YU5.csv does not exist!
Running for PDB ID: 2KR3
Combined heatmap and scatter plots saved to /sci/labs/orzuk/meirab/heatmap_outputs_with_vmin_vmax/heatmap_combined_2KR3.html
Successfully generated heatmap for 2KR3
Running for PDB ID: 2K5P
Combined heatmap and scatter plots saved to /sci/labs/orzuk/meirab/heatmap_outputs_with_vmin_vmax/heatmap_combined_2K5P.html
Successfully generated heatmap for 2K5P
Running for PDB ID: 2RJV
Error: /sci/labs/orzuk/meirab/sbatch_runs/perdicted_df_2RJV.csv does not exist!
Running for PDB ID: 1TG0
Combined heatmap and scatter plots saved to /sci/labs/orzuk/meirab/heatmap_outputs_with_vmin_vmax/heatmap_combined_1TG0.html
Successfully generated heatmap for 1TG0
Running for PDB ID: 2LC2
Error: /sci/labs/orzuk/meirab/sbatch_runs/perdicted_df_2LC2.csv does not exist!
Running for PDB ID: 6M3N
Error: /sci/labs/orzuk/meirab/sbatch_runs/perdicted_df_6M3N.csv does not exist!
Running for PDB ID: 1UZC
Error: /sci/labs/orzuk/meirab/sbatch_runs/perdicted_df_1UZC.csv does not exist!
Running for PDB ID: 3MYC
Error: /sci/labs/orzuk/meirab/sbatch_runs/perdicted_df_3MYC.csv does not exist!
Running for PDB ID: 2K2A
Error: /sci/labs/orzuk/meirab/sbatch_runs/perdicted_df_2K2A.csv does not exist!
Running for PDB ID: 2KGT
Combined heatmap and scatter plots saved to /sci/labs/orzuk/meirab/heatmap_outputs_with_vmin_vmax/heatmap_combined_2KGT.html
Successfully generated heatmap for 2KGT
Running for PDB ID: 1A32
Error: /sci/labs/orzuk/meirab/sbatch_runs/perdicted_df_1A32.csv does not exist!
Running for PDB ID: 2JTV
Combined heatmap and scatter plots saved to /sci/labs/orzuk/meirab/heatmap_outputs_with_vmin_vmax/heatmap_combined_2JTV.html
Successfully generated heatmap for 2JTV
Running for PDB ID: 1QP2
Error: /sci/labs/orzuk/meirab/sbatch_runs/perdicted_df_1QP2.csv does not exist!
Running for PDB ID: 1ORC
Error: /sci/labs/orzuk/meirab/sbatch_runs/perdicted_df_1ORC.csv does not exist!
Running for PDB ID: 5VNT
Error: /sci/labs/orzuk/meirab/sbatch_runs/perdicted_df_5VNT.csv does not exist!
Running for PDB ID: 2LQK
Combined heatmap and scatter plots saved to /sci/labs/orzuk/meirab/heatmap_outputs_with_vmin_vmax/heatmap_combined_2LQK.html
Successfully generated heatmap for 2LQK
Running for PDB ID: 4C26
Error: /sci/labs/orzuk/meirab/sbatch_runs/perdicted_df_4C26.csv does not exist!
Running for PDB ID: 2LYQ
Error: /sci/labs/orzuk/meirab/sbatch_runs/perdicted_df_2LYQ.csv does not exist!
Running for PDB ID: 2OCH
Error: /sci/labs/orzuk/meirab/sbatch_runs/perdicted_df_2OCH.csv does not exist!
Running for PDB ID: 2LYR
Combined heatmap and scatter plots saved to /sci/labs/orzuk/meirab/heatmap_outputs_with_vmin_vmax/heatmap_combined_2LYR.html
Successfully generated heatmap for 2LYR
Running for PDB ID: 2L9R
Combined heatmap and scatter plots saved to /sci/labs/orzuk/meirab/heatmap_outputs_with_vmin_vmax/heatmap_combined_2L9R.html
Successfully generated heatmap for 2L9R
Running for PDB ID: 2MCK
Error: /sci/labs/orzuk/meirab/sbatch_runs/perdicted_df_2MCK.csv does not exist!
Running for PDB ID: 2BTT
Error: /sci/labs/orzuk/meirab/sbatch_runs/perdicted_df_2BTT.csv does not exist!
Running for PDB ID: 1R69
Combined heatmap and scatter plots saved to /sci/labs/orzuk/meirab/heatmap_outputs_with_vmin_vmax/heatmap_combined_1R69.html
Successfully generated heatmap for 1R69
Running for PDB ID: 6SCW
Combined heatmap and scatter plots saved to /sci/labs/orzuk/meirab/heatmap_outputs_with_vmin_vmax/heatmap_combined_6SCW.html
Successfully generated heatmap for 6SCW
Running for PDB ID: 1TUD
Error: /sci/labs/orzuk/meirab/sbatch_runs/perdicted_df_1TUD.csv does not exist!
Running for PDB ID: 6NMW
Error: /sci/labs/orzuk/meirab/sbatch_runs/perdicted_df_6NMW.csv does not exist!
Running for PDB ID: 1GYZ
Error: /sci/labs/orzuk/meirab/sbatch_runs/perdicted_df_1GYZ.csv does not exist!
Running for PDB ID: 4HCK
Error: /sci/labs/orzuk/meirab/sbatch_runs/perdicted_df_4HCK.csv does not exist!
Running for PDB ID: 1TUC
Error: /sci/labs/orzuk/meirab/sbatch_runs/perdicted_df_1TUC.csv does not exist!
Running for PDB ID: 2M6Y
Error: /sci/labs/orzuk/meirab/sbatch_runs/perdicted_df_2M6Y.csv does not exist!
Running for PDB ID: 2LJ3
Combined heatmap and scatter plots saved to /sci/labs/orzuk/meirab/heatmap_outputs_with_vmin_vmax/heatmap_combined_2LJ3.html
Successfully generated heatmap for 2LJ3
Running for PDB ID: 5JRT
Error: /sci/labs/orzuk/meirab/sbatch_runs/perdicted_df_5JRT.csv does not exist!
Running for PDB ID: 1I2T
Error: /sci/labs/orzuk/meirab/sbatch_runs/perdicted_df_1I2T.csv does not exist!
Running for PDB ID: 1Y0M
Error: /sci/labs/orzuk/meirab/sbatch_runs/perdicted_df_1Y0M.csv does not exist!
Running for PDB ID: 1QLY
Error: /sci/labs/orzuk/meirab/sbatch_runs/perdicted_df_1QLY.csv does not exist!
Running for PDB ID: 1GL5
Error: /sci/labs/orzuk/meirab/sbatch_runs/perdicted_df_1GL5.csv does not exist!
Running for PDB ID: 1H92
Combined heatmap and scatter plots saved to /sci/labs/orzuk/meirab/heatmap_outputs_with_vmin_vmax/heatmap_combined_1H92.html
Successfully generated heatmap for 1H92
Running for PDB ID: 1PWT
Error: /sci/labs/orzuk/meirab/sbatch_runs/perdicted_df_1PWT.csv does not exist!
Running for PDB ID: 3CQT
Combined heatmap and scatter plots saved to /sci/labs/orzuk/meirab/heatmap_outputs_with_vmin_vmax/heatmap_combined_3CQT.html
Successfully generated heatmap for 3CQT
Running for PDB ID: 6EWT
Combined heatmap and scatter plots saved to /sci/labs/orzuk/meirab/heatmap_outputs_with_vmin_vmax/heatmap_combined_6EWT.html
Successfully generated heatmap for 6EWT
Running for PDB ID: 5OAO
Error: /sci/labs/orzuk/meirab/sbatch_runs/perdicted_df_5OAO.csv does not exist!
Running for PDB ID: 1YP5
Combined heatmap and scatter plots saved to /sci/labs/orzuk/meirab/heatmap_outputs_with_vmin_vmax/heatmap_combined_1YP5.html
Successfully generated heatmap for 1YP5
Running for PDB ID: 3I35
Error: /sci/labs/orzuk/meirab/sbatch_runs/perdicted_df_3I35.csv does not exist!
Running for PDB ID: 7JJK
Error: /sci/labs/orzuk/meirab/sbatch_runs/perdicted_df_7JJK.csv does not exist!
Running for PDB ID: 2LP5
Combined heatmap and scatter plots saved to /sci/labs/orzuk/meirab/heatmap_outputs_with_vmin_vmax/heatmap_combined_2LP5.html
Successfully generated heatmap for 2LP5
Running for PDB ID: 1QKX
Error: /sci/labs/orzuk/meirab/sbatch_runs/perdicted_df_1QKX.csv does not exist!
Running for PDB ID: 6EWU
Combined heatmap and scatter plots saved to /sci/labs/orzuk/meirab/heatmap_outputs_with_vmin_vmax/heatmap_combined_6EWU.html
Successfully generated heatmap for 6EWU
Running for PDB ID: 6EWS
Combined heatmap and scatter plots saved to /sci/labs/orzuk/meirab/heatmap_outputs_with_vmin_vmax/heatmap_combined_6EWS.html
Successfully generated heatmap for 6EWS
Running for PDB ID: 5UBS
Combined heatmap and scatter plots saved to /sci/labs/orzuk/meirab/heatmap_outputs_with_vmin_vmax/heatmap_combined_5UBS.html
Successfully generated heatmap for 5UBS
Running for PDB ID: 1ZLM
Error: /sci/labs/orzuk/meirab/sbatch_runs/perdicted_df_1ZLM.csv does not exist!
Running for PDB ID: 2JVG
Error: /sci/labs/orzuk/meirab/sbatch_runs/perdicted_df_2JVG.csv does not exist!
Running for PDB ID: 2CDT
Error: /sci/labs/orzuk/meirab/sbatch_runs/perdicted_df_2CDT.csv does not exist!
Running for PDB ID: 2JZ2
Combined heatmap and scatter plots saved to /sci/labs/orzuk/meirab/heatmap_outputs_with_vmin_vmax/heatmap_combined_2JZ2.html
Successfully generated heatmap for 2JZ2
Running for PDB ID: 5UCE
Error: /sci/labs/orzuk/meirab/sbatch_runs/perdicted_df_5UCE.csv does not exist!
Running for PDB ID: 2L2P
Combined heatmap and scatter plots saved to /sci/labs/orzuk/meirab/heatmap_outputs_with_vmin_vmax/heatmap_combined_2L2P.html
Successfully generated heatmap for 2L2P
Running for PDB ID: 2L6Q
Combined heatmap and scatter plots saved to /sci/labs/orzuk/meirab/heatmap_outputs_with_vmin_vmax/heatmap_combined_2L6Q.html
Successfully generated heatmap for 2L6Q
Running for PDB ID: 1SRM
Error: /sci/labs/orzuk/meirab/sbatch_runs/perdicted_df_1SRM.csv does not exist!
Running for PDB ID: 2LHR
Error: /sci/labs/orzuk/meirab/sbatch_runs/perdicted_df_2LHR.csv does not exist!
Running for PDB ID: 2MI6
Combined heatmap and scatter plots saved to /sci/labs/orzuk/meirab/heatmap_outputs_with_vmin_vmax/heatmap_combined_2MI6.html
Successfully generated heatmap for 2MI6
Running for PDB ID: 1JIC
Combined heatmap and scatter plots saved to /sci/labs/orzuk/meirab/heatmap_outputs_with_vmin_vmax/heatmap_combined_1JIC.html
Successfully generated heatmap for 1JIC
Running for PDB ID: 2MKY
Error: /sci/labs/orzuk/meirab/sbatch_runs/perdicted_df_2MKY.csv does not exist!
Running for PDB ID: 2CJJ
Error: /sci/labs/orzuk/meirab/sbatch_runs/perdicted_df_2CJJ.csv does not exist!
Running for PDB ID: 2MXD
Error: /sci/labs/orzuk/meirab/sbatch_runs/perdicted_df_2MXD.csv does not exist!
Running for PDB ID: 2KRU
Combined heatmap and scatter plots saved to /sci/labs/orzuk/meirab/heatmap_outputs_with_vmin_vmax/heatmap_combined_2KRU.html
Successfully generated heatmap for 2KRU
Running for PDB ID: 2KWH
Error: /sci/labs/orzuk/meirab/sbatch_runs/perdicted_df_2KWH.csv does not exist!
Running for PDB ID: 2M2L
Combined heatmap and scatter plots saved to /sci/labs/orzuk/meirab/heatmap_outputs_with_vmin_vmax/heatmap_combined_2M2L.html
Successfully generated heatmap for 2M2L
Running for PDB ID: 2L7M
Error: /sci/labs/orzuk/meirab/sbatch_runs/perdicted_df_2L7M.csv does not exist!
Running for PDB ID: 2MYX
Error: /sci/labs/orzuk/meirab/sbatch_runs/perdicted_df_2MYX.csv does not exist!
Running for PDB ID: 2L09
Combined heatmap and scatter plots saved to /sci/labs/orzuk/meirab/heatmap_outputs_with_vmin_vmax/heatmap_combined_2L09.html
Successfully generated heatmap for 2L09
Running for PDB ID: 2KVT
Combined heatmap and scatter plots saved to /sci/labs/orzuk/meirab/heatmap_outputs_with_vmin_vmax/heatmap_combined_2KVT.html
Successfully generated heatmap for 2KVT
Running for PDB ID: 2L7F
Error: /sci/labs/orzuk/meirab/sbatch_runs/perdicted_df_2L7F.csv does not exist!
Running for PDB ID: 2JWT
Error: /sci/labs/orzuk/meirab/sbatch_runs/perdicted_df_2JWT.csv does not exist!
Running for PDB ID: 6SOW
Combined heatmap and scatter plots saved to /sci/labs/orzuk/meirab/heatmap_outputs_with_vmin_vmax/heatmap_combined_6SOW.html
Successfully generated heatmap for 6SOW
Running for PDB ID: 2K28
Combined heatmap and scatter plots saved to /sci/labs/orzuk/meirab/heatmap_outputs_with_vmin_vmax/heatmap_combined_2K28.html
Successfully generated heatmap for 2K28
Running for PDB ID: 2KZJ
Combined heatmap and scatter plots saved to /sci/labs/orzuk/meirab/heatmap_outputs_with_vmin_vmax/heatmap_combined_2KZJ.html
Successfully generated heatmap for 2KZJ
Running for PDB ID: 2K1B
Combined heatmap and scatter plots saved to /sci/labs/orzuk/meirab/heatmap_outputs_with_vmin_vmax/heatmap_combined_2K1B.html
Successfully generated heatmap for 2K1B
Running for PDB ID: 2N88
Error: /sci/labs/orzuk/meirab/sbatch_runs/perdicted_df_2N88.csv does not exist!
Running for PDB ID: 2M0C
Combined heatmap and scatter plots saved to /sci/labs/orzuk/meirab/heatmap_outputs_with_vmin_vmax/heatmap_combined_2M0C.html
Successfully generated heatmap for 2M0C
Running for PDB ID: 2JWS
Combined heatmap and scatter plots saved to /sci/labs/orzuk/meirab/heatmap_outputs_with_vmin_vmax/heatmap_combined_2JWS.html
Successfully generated heatmap for 2JWS
Running for PDB ID: 1ENH
Error: /sci/labs/orzuk/meirab/sbatch_runs/perdicted_df_1ENH.csv does not exist!
Running for PDB ID: 5LXJ
Error: /sci/labs/orzuk/meirab/sbatch_runs/perdicted_df_5LXJ.csv does not exist!
Running for PDB ID: 4G3O
Error: /sci/labs/orzuk/meirab/sbatch_runs/perdicted_df_4G3O.csv does not exist!
Running for PDB ID: 5Z2S
Error: /sci/labs/orzuk/meirab/sbatch_runs/perdicted_df_5Z2S.csv does not exist!
Running for PDB ID: 2LVN
Error: /sci/labs/orzuk/meirab/sbatch_runs/perdicted_df_2LVN.csv does not exist!
Running for PDB ID: 1GJS
Combined heatmap and scatter plots saved to /sci/labs/orzuk/meirab/heatmap_outputs_with_vmin_vmax/heatmap_combined_1GJS.html
Successfully generated heatmap for 1GJS
Running for PDB ID: 6FVC
Combined heatmap and scatter plots saved to /sci/labs/orzuk/meirab/heatmap_outputs_with_vmin_vmax/heatmap_combined_6FVC.html
Successfully generated heatmap for 6FVC
Running for PDB ID: 2L2D
Error: /sci/labs/orzuk/meirab/sbatch_runs/perdicted_df_2L2D.csv does not exist!
Running for PDB ID: 5UYO
Error: /sci/labs/orzuk/meirab/sbatch_runs/perdicted_df_5UYO.csv does not exist!
Running for PDB ID: 2WQG
Combined heatmap and scatter plots saved to /sci/labs/orzuk/meirab/heatmap_outputs_with_vmin_vmax/heatmap_combined_2WQG.html
Successfully generated heatmap for 2WQG
Running for PDB ID: 2RRU
Combined heatmap and scatter plots saved to /sci/labs/orzuk/meirab/heatmap_outputs_with_vmin_vmax/heatmap_combined_2RRU.html
Successfully generated heatmap for 2RRU
Running for PDB ID: 2JVD
Combined heatmap and scatter plots saved to /sci/labs/orzuk/meirab/heatmap_outputs_with_vmin_vmax/heatmap_combined_2JVD.html
Successfully generated heatmap for 2JVD
Running for PDB ID: 5UP5
Error: /sci/labs/orzuk/meirab/sbatch_runs/perdicted_df_5UP5.csv does not exist!
Running for PDB ID: 2M8E
Combined heatmap and scatter plots saved to /sci/labs/orzuk/meirab/heatmap_outputs_with_vmin_vmax/heatmap_combined_2M8E.html
Successfully generated heatmap for 2M8E
Running for PDB ID: 6YSE
Combined heatmap and scatter plots saved to /sci/labs/orzuk/meirab/heatmap_outputs_with_vmin_vmax/heatmap_combined_6YSE.html
Successfully generated heatmap for 6YSE
Running for PDB ID: 2QFF
Error: /sci/labs/orzuk/meirab/sbatch_runs/perdicted_df_2QFF.csv does not exist!
Running for PDB ID: 1AOY
Combined heatmap and scatter plots saved to /sci/labs/orzuk/meirab/heatmap_outputs_with_vmin_vmax/heatmap_combined_1AOY.html
Successfully generated heatmap for 1AOY
Running for PDB ID: 2WNM
Error: /sci/labs/orzuk/meirab/sbatch_runs/perdicted_df_2WNM.csv does not exist!
